---
source: crates/engine/tests/common.rs
expression: ir
---
V1(
    QueryRequestV1 {
        queries: {
            Alias(
                Identifier(
                    "where_does_john_hughes_work",
                ),
            ): Model(
                ModelSelection {
                    target: ModelTarget {
                        subgraph: SubgraphName(
                            "default",
                        ),
                        model_name: ModelName(
                            Identifier(
                                "institutions",
                            ),
                        ),
                        arguments: {
                            ArgumentName(
                                Identifier(
                                    "where",
                                ),
                            ): Literal(
                                Object {
                                    "staff": Object {
                                        "last_name": Object {
                                            "_eq": String("Hughes"),
                                        },
                                    },
                                },
                            ),
                        },
                        filter: None,
                        order_by: [],
                        limit: None,
                        offset: None,
                    },
                    selection: {
                        Alias(
                            Identifier(
                                "id",
                            ),
                        ): Field(
                            ObjectFieldSelection {
                                target: ObjectFieldTarget {
                                    field_name: FieldName(
                                        Identifier(
                                            "id",
                                        ),
                                    ),
                                    arguments: {},
                                },
                                selection: None,
                            },
                        ),
                        Alias(
                            Identifier(
                                "location",
                            ),
                        ): Field(
                            ObjectFieldSelection {
                                target: ObjectFieldTarget {
                                    field_name: FieldName(
                                        Identifier(
                                            "location",
                                        ),
                                    ),
                                    arguments: {},
                                },
                                selection: Some(
                                    {
                                        Alias(
                                            Identifier(
                                                "city",
                                            ),
                                        ): Field(
                                            ObjectFieldSelection {
                                                target: ObjectFieldTarget {
                                                    field_name: FieldName(
                                                        Identifier(
                                                            "city",
                                                        ),
                                                    ),
                                                    arguments: {},
                                                },
                                                selection: None,
                                            },
                                        ),
                                        Alias(
                                            Identifier(
                                                "campuses",
                                            ),
                                        ): Field(
                                            ObjectFieldSelection {
                                                target: ObjectFieldTarget {
                                                    field_name: FieldName(
                                                        Identifier(
                                                            "campuses",
                                                        ),
                                                    ),
                                                    arguments: {},
                                                },
                                                selection: None,
                                            },
                                        ),
                                    },
                                ),
                            },
                        ),
                    },
                },
            ),
            Alias(
                Identifier(
                    "where_has_staff_with_a_dog",
                ),
            ): Model(
                ModelSelection {
                    target: ModelTarget {
                        subgraph: SubgraphName(
                            "default",
                        ),
                        model_name: ModelName(
                            Identifier(
                                "institutions",
                            ),
                        ),
                        arguments: {
                            ArgumentName(
                                Identifier(
                                    "where",
                                ),
                            ): Literal(
                                Object {
                                    "staff": Object {
                                        "pets": Object {
                                            "name": Object {
                                                "_eq": String("Dog"),
                                            },
                                        },
                                    },
                                },
                            ),
                        },
                        filter: None,
                        order_by: [],
                        limit: None,
                        offset: None,
                    },
                    selection: {
                        Alias(
                            Identifier(
                                "id",
                            ),
                        ): Field(
                            ObjectFieldSelection {
                                target: ObjectFieldTarget {
                                    field_name: FieldName(
                                        Identifier(
                                            "id",
                                        ),
                                    ),
                                    arguments: {},
                                },
                                selection: None,
                            },
                        ),
                        Alias(
                            Identifier(
                                "location",
                            ),
                        ): Field(
                            ObjectFieldSelection {
                                target: ObjectFieldTarget {
                                    field_name: FieldName(
                                        Identifier(
                                            "location",
                                        ),
                                    ),
                                    arguments: {},
                                },
                                selection: Some(
                                    {
                                        Alias(
                                            Identifier(
                                                "city",
                                            ),
                                        ): Field(
                                            ObjectFieldSelection {
                                                target: ObjectFieldTarget {
                                                    field_name: FieldName(
                                                        Identifier(
                                                            "city",
                                                        ),
                                                    ),
                                                    arguments: {},
                                                },
                                                selection: None,
                                            },
                                        ),
                                        Alias(
                                            Identifier(
                                                "campuses",
                                            ),
                                        ): Field(
                                            ObjectFieldSelection {
                                                target: ObjectFieldTarget {
                                                    field_name: FieldName(
                                                        Identifier(
                                                            "campuses",
                                                        ),
                                                    ),
                                                    arguments: {},
                                                },
                                                selection: None,
                                            },
                                        ),
                                    },
                                ),
                            },
                        ),
                    },
                },
            ),
            Alias(
                Identifier(
                    "institution_in_a_country_with_a_city_named_stockholm",
                ),
            ): Model(
                ModelSelection {
                    target: ModelTarget {
                        subgraph: SubgraphName(
                            "default",
                        ),
                        model_name: ModelName(
                            Identifier(
                                "institutions",
                            ),
                        ),
                        arguments: {
                            ArgumentName(
                                Identifier(
                                    "where",
                                ),
                            ): Literal(
                                Object {
                                    "location": Object {
                                        "country": Object {
                                            "cities": Object {
                                                "name": Object {
                                                    "_eq": String("Stockholm"),
                                                },
                                            },
                                        },
                                    },
                                },
                            ),
                        },
                        filter: None,
                        order_by: [],
                        limit: None,
                        offset: None,
                    },
                    selection: {
                        Alias(
                            Identifier(
                                "id",
                            ),
                        ): Field(
                            ObjectFieldSelection {
                                target: ObjectFieldTarget {
                                    field_name: FieldName(
                                        Identifier(
                                            "id",
                                        ),
                                    ),
                                    arguments: {},
                                },
                                selection: None,
                            },
                        ),
                        Alias(
                            Identifier(
                                "location",
                            ),
                        ): Field(
                            ObjectFieldSelection {
                                target: ObjectFieldTarget {
                                    field_name: FieldName(
                                        Identifier(
                                            "location",
                                        ),
                                    ),
                                    arguments: {},
                                },
                                selection: Some(
                                    {
                                        Alias(
                                            Identifier(
                                                "country",
                                            ),
                                        ): Field(
                                            ObjectFieldSelection {
                                                target: ObjectFieldTarget {
                                                    field_name: FieldName(
                                                        Identifier(
                                                            "country",
                                                        ),
                                                    ),
                                                    arguments: {},
                                                },
                                                selection: Some(
                                                    {
                                                        Alias(
                                                            Identifier(
                                                                "cities",
                                                            ),
                                                        ): Field(
                                                            ObjectFieldSelection {
                                                                target: ObjectFieldTarget {
                                                                    field_name: FieldName(
                                                                        Identifier(
                                                                            "cities",
                                                                        ),
                                                                    ),
                                                                    arguments: {},
                                                                },
                                                                selection: Some(
                                                                    {
                                                                        Alias(
                                                                            Identifier(
                                                                                "name",
                                                                            ),
                                                                        ): Field(
                                                                            ObjectFieldSelection {
                                                                                target: ObjectFieldTarget {
                                                                                    field_name: FieldName(
                                                                                        Identifier(
                                                                                            "name",
                                                                                        ),
                                                                                    ),
                                                                                    arguments: {},
                                                                                },
                                                                                selection: None,
                                                                            },
                                                                        ),
                                                                    },
                                                                ),
                                                            },
                                                        ),
                                                    },
                                                ),
                                            },
                                        ),
                                    },
                                ),
                            },
                        ),
                    },
                },
            ),
        },
    },
)
