---
source: crates/engine/tests/common.rs
expression: rowsets
---
[
  {
    "rows": [
      {
        "author_id": 1
      }
    ]
  }
]
