---
source: crates/metadata-resolve/tests/metadata_golden_tests.rs
expression: msg
input_file: crates/metadata-resolve/tests/failing/commands/procedures/duplicate_command_name/metadata.json
---
multiple graphql types found with the same name: hello
