---
source: crates/metadata-resolve/tests/metadata_golden_tests.rs
expression: resolved
input_file: crates/metadata-resolve/tests/passing/data_connector_link/invalid_ndc_v01_capabilities_version_passing_with_issue/metadata.json
---
(
    Metadata {
        object_types: {},
        scalar_types: {},
        models: {},
        commands: {},
        object_boolean_expression_types: {},
        boolean_expression_types: BooleanExpressionTypes {
            objects: {},
            scalars: {},
        },
        aggregate_expressions: {},
        graphql_config: GlobalGraphqlConfig {
            query_root_type_name: TypeName(
                Name(
                    "Query",
                ),
            ),
            mutation_root_type_name: TypeName(
                Name(
                    "Mutation",
                ),
            ),
            order_by_input: Some(
                OrderByInputGraphqlConfig {
                    asc_direction_field_value: Name(
                        "Asc",
                    ),
                    desc_direction_field_value: Name(
                        "Desc",
                    ),
                    enum_type_name: TypeName(
                        Name(
                            "order_by",
                        ),
                    ),
                },
            ),
            enable_apollo_federation_fields: false,
        },
        roles: [],
    },
    [
        DataConnectorIssue(
            NamedDataConnectorIssue {
                data_connector_name: Qualified {
                    subgraph: "default",
                    name: DataConnectorName(
                        Identifier(
                            "myconnector",
                        ),
                    ),
                },
                issue: InvalidNdcV01Version {
                    version: "^0.1.0",
                    error: Error("unexpected character '^' while parsing major version number"),
                },
            },
        ),
    ],
)
